<p>C:/Users/user/AppData/Local/Temp/OpenModelica/OMEdit/NonInteractingTanks.TwoConnectedTanks/TwoConnectedTanks.exe -port=51126 -logFormat=xmltcp -startTime=0 -stopTime=1 -stepSize=0.002 -tolerance=1e-06 -s=dassl -outputFormat=mat -variableFilter=.* -r=C:/Users/user/AppData/Local/Temp/OpenModelica/OMEdit/NonInteractingTanks.TwoConnectedTanks/TwoConnectedTanks_res.mat -w -lv=LOG_STDOUT,LOG_ASSERT,LOG_STATS -inputPath=C:/Users/user/AppData/Local/Temp/OpenModelica/OMEdit/NonInteractingTanks.TwoConnectedTanks -outputPath=C:/Users/user/AppData/Local/Temp/OpenModelica/OMEdit/NonInteractingTanks.TwoConnectedTanks</p>
LOG_SUCCESS		| info	 | <p>The initialization finished successfully without homotopy method.</p>
LOG_STATS		| info	 | <p>### STATISTICS ###</p>
|		| |	 | | <p>timer</p>
|		| |	 | | | <p>   0.0007745s          reading init.xml</p>
|		| |	 | | | <p>   0.0022512s          reading info.xml</p>
|		| |	 | | | <p>    0.000772s [  5.3%] pre-initialization</p>
|		| |	 | | | <p>   0.0014905s [ 10.2%] initialization</p>
|		| |	 | | | <p>    1.23e-05s [  0.1%] steps</p>
|		| |	 | | | <p>   0.0025778s [ 17.6%] solver (excl. callbacks)</p>
|		| |	 | | | <p>   0.0009481s [  6.5%] creating output-file</p>
|		| |	 | | | <p>   0.0010989s [  7.5%] event-handling</p>
|		| |	 | | | <p>   0.0003172s [  2.2%] overhead</p>
|		| |	 | | | <p>   0.0074099s [ 50.7%] simulation</p>
|		| |	 | | | <p>   0.0146267s [100.0%] total</p>
|		| |	 | | <p>events</p>
|		| |	 | | | <p>    0 state events</p>
|		| |	 | | | <p>    0 time events</p>
|		| |	 | | <p>solver: dassl</p>
|		| |	 | | | <p>   22 steps taken</p>
|		| |	 | | | <p>   22 calls of functionODE</p>
|		| |	 | | | <p>   21 evaluations of jacobian</p>
|		| |	 | | | <p>    0 error test failures</p>
|		| |	 | | | <p>    0 convergence test failures</p>
|		| |	 | | | <p>1.01e-05s time of jacobian evaluation</p>
LOG_SUCCESS		| info	 | <p>The simulation finished successfully.</p>
